../Core/Src/main.c:76:5:przycisk	16	static
../Core/Src/main.c:121:6:leaderBoard	240	static
../Core/Src/main.c:183:6:trudnosc	104	static
../Core/Src/main.c:238:6:pacmanPrawo	16	static
../Core/Src/main.c:244:6:pacmanLewo	16	static
../Core/Src/main.c:250:6:wisienka	16	static
../Core/Src/main.c:256:6:duch	16	static
../Core/Src/main.c:269:5:main	408	static
../Core/Src/main.c:631:6:SystemClock_Config	96	static
../Core/Src/main.c:677:13:MX_ADC1_Init	48	static
../Core/Src/main.c:744:13:MX_RTC_Init	8	static
../Core/Src/main.c:780:13:MX_GPIO_Init	40	static
../Core/Src/main.c:833:6:Error_Handler	4	static,ignoring_inline_asm
